{"level":"info","message":"POST /auth/login","timestamp":"2025-09-10 15:52:52"}
{"level":"info","message":"GET /user/profile","timestamp":"2025-09-10 15:53:45"}
{"level":"info","message":"GET /user/profile","timestamp":"2025-09-10 16:11:04"}
{"level":"info","message":"POST /auth/login","timestamp":"2025-09-10 16:11:17"}
{"level":"info","message":"GET /user/profile","timestamp":"2025-09-10 16:11:46"}
{"level":"info","message":"POST /auth/register","timestamp":"2025-09-10 16:16:03"}
{"level":"info","message":"POST /auth/login","timestamp":"2025-09-12 02:39:03"}
{"code":"ROLE_NOT_FOUND","level":"error","message":"User role not found","stack":"Error: User role not found\n    at loginUser (/app/src/services/authService.ts:49:22)\n    at async login (/app/src/controller/auth.controller.ts:42:24)","status":500,"timestamp":"2025-09-12 02:39:04"}
{"level":"info","message":"POST /auth/login","timestamp":"2025-09-12 02:40:14"}
{"code":"ROLE_NOT_FOUND","level":"error","message":"User role not found","stack":"Error: User role not found\n    at loginUser (/app/src/services/authService.ts:49:22)\n    at async login (/app/src/controller/auth.controller.ts:42:24)","status":500,"timestamp":"2025-09-12 02:40:14"}
{"level":"info","message":"POST /auth/login","timestamp":"2025-09-12 02:41:45"}
{"code":"ROLE_NOT_FOUND","level":"error","message":"User role not found","stack":"Error: User role not found\n    at loginUser (/app/src/services/authService.ts:49:22)\n    at async login (/app/src/controller/auth.controller.ts:42:24)","status":500,"timestamp":"2025-09-12 02:41:46"}
{"level":"info","message":"POST /auth/login","timestamp":"2025-09-12 02:42:53"}
{"code":"ROLE_NOT_FOUND","level":"error","message":"User role not found","stack":"Error: User role not found\n    at loginUser (/app/src/services/authService.ts:49:22)\n    at async login (/app/src/controller/auth.controller.ts:42:24)","status":500,"timestamp":"2025-09-12 02:42:54"}
{"level":"info","message":"POST /auth/login","timestamp":"2025-09-12 02:43:50"}
{"code":"ROLE_NOT_FOUND","level":"error","message":"User role not found","stack":"Error: User role not found\n    at loginUser (/app/src/services/authService.ts:49:22)\n    at async login (/app/src/controller/auth.controller.ts:42:24)","status":500,"timestamp":"2025-09-12 02:43:50"}
{"level":"info","message":"POST /auth/register","timestamp":"2025-09-12 02:48:05"}
{"level":"info","message":"POST /auth/login","timestamp":"2025-09-12 02:48:38"}
{"code":"ROLE_NOT_FOUND","level":"error","message":"User role not found","stack":"Error: User role not found\n    at loginUser (/app/src/services/authService.ts:49:22)\n    at async login (/app/src/controller/auth.controller.ts:42:24)","status":500,"timestamp":"2025-09-12 02:48:39"}
{"level":"info","message":"POST /auth/login","timestamp":"2025-09-12 02:52:57"}
{"code":"ROLE_NOT_FOUND","level":"error","message":"User role not found","stack":"Error: User role not found\n    at loginUser (/app/src/services/authService.ts:49:22)\n    at async login (/app/src/controller/auth.controller.ts:42:24)","status":500,"timestamp":"2025-09-12 02:52:58"}
{"level":"info","message":"POST /auth/login","timestamp":"2025-09-12 02:53:08"}
{"code":"ROLE_NOT_FOUND","level":"error","message":"User role not found","stack":"Error: User role not found\n    at loginUser (/app/src/services/authService.ts:49:22)\n    at async login (/app/src/controller/auth.controller.ts:42:24)","status":500,"timestamp":"2025-09-12 02:53:09"}
{"level":"info","message":"POST /auth/login","timestamp":"2025-09-12 02:59:26"}
{"code":"ROLE_NOT_FOUND","level":"error","message":"User role not found","stack":"Error: User role not found\n    at loginUser (/app/src/services/authService.ts:49:22)\n    at async login (/app/src/controller/auth.controller.ts:42:24)","status":500,"timestamp":"2025-09-12 02:59:26"}
{"level":"info","message":"POST /auth/login","timestamp":"2025-09-12 03:00:29"}
{"code":"ROLE_NOT_FOUND","level":"error","message":"User role not found","stack":"Error: User role not found\n    at loginUser (/app/src/services/authService.ts:49:22)\n    at async login (/app/src/controller/auth.controller.ts:42:24)","status":500,"timestamp":"2025-09-12 03:00:29"}
{"level":"info","message":"POST /auth/login","timestamp":"2025-09-12 03:00:52"}
{"code":"ROLE_NOT_FOUND","level":"error","message":"User role not found","stack":"Error: User role not found\n    at loginUser (/app/src/services/authService.ts:49:22)\n    at async login (/app/src/controller/auth.controller.ts:42:24)","status":500,"timestamp":"2025-09-12 03:00:52"}
{"level":"info","message":"POST /auth/login","timestamp":"2025-09-12 03:01:58"}
{"level":"info","message":"POST /auth/register","timestamp":"2025-09-13 13:26:58"}
{"code":"EMAIL_TAKEN","level":"error","message":"EMAIL_TAKEN","stack":"Error: EMAIL_TAKEN\n    at Object.createUser (/app/src/services/userService.ts:32:23)\n    at async registerUser (/app/src/services/authService.ts:28:25)\n    at async register (/app/src/controller/auth.controller.ts:21:25)","status":409,"timestamp":"2025-09-13 13:26:59"}
{"level":"info","message":"OPTIONS /auth/login","timestamp":"2025-09-14 09:09:47"}
{"level":"info","message":"OPTIONS /auth/login","timestamp":"2025-09-14 09:09:48"}
{"level":"info","message":"OPTIONS /auth/login","timestamp":"2025-09-14 09:09:49"}
{"level":"info","message":"OPTIONS /auth/login","timestamp":"2025-09-14 09:09:49"}
{"level":"info","message":"OPTIONS /auth/login","timestamp":"2025-09-14 09:09:50"}
{"level":"info","message":"OPTIONS /auth/login","timestamp":"2025-09-14 09:10:58"}
{"level":"info","message":"OPTIONS /auth/login","timestamp":"2025-09-14 09:11:01"}
{"level":"info","message":"OPTIONS /auth/login","timestamp":"2025-09-14 09:11:16"}
{"level":"info","message":"OPTIONS /auth/login","timestamp":"2025-09-14 09:11:21"}
{"level":"info","message":"OPTIONS /auth/login","timestamp":"2025-09-14 09:11:21"}
{"level":"info","message":"OPTIONS /auth/login","timestamp":"2025-09-14 09:11:22"}
{"level":"info","message":"OPTIONS /auth/login","timestamp":"2025-09-14 09:12:07"}
{"level":"info","message":"OPTIONS /auth/login","timestamp":"2025-09-14 09:12:10"}
{"level":"info","message":"OPTIONS /auth/login","timestamp":"2025-09-14 09:12:11"}
{"level":"info","message":"OPTIONS /auth/login","timestamp":"2025-09-14 09:12:11"}
{"level":"info","message":"OPTIONS /auth/login","timestamp":"2025-09-14 09:12:11"}
{"level":"info","message":"OPTIONS /auth/login","timestamp":"2025-09-14 09:12:11"}
{"level":"info","message":"OPTIONS /auth/login","timestamp":"2025-09-14 09:12:11"}
{"level":"info","message":"OPTIONS /auth/login","timestamp":"2025-09-14 09:12:12"}
{"level":"info","message":"OPTIONS /auth/login","timestamp":"2025-09-14 09:12:12"}
{"level":"info","message":"OPTIONS /auth/login","timestamp":"2025-09-14 09:12:12"}
{"level":"info","message":"OPTIONS /auth/login","timestamp":"2025-09-14 09:12:14"}
{"level":"info","message":"OPTIONS /auth/login","timestamp":"2025-09-14 09:12:15"}
{"level":"info","message":"OPTIONS /auth/login","timestamp":"2025-09-14 09:12:26"}
{"level":"info","message":"OPTIONS /auth/login","timestamp":"2025-09-14 09:12:26"}
{"level":"info","message":"OPTIONS /auth/login","timestamp":"2025-09-14 09:12:27"}
{"level":"info","message":"OPTIONS /auth/login","timestamp":"2025-09-14 09:12:27"}
{"level":"info","message":"OPTIONS /auth/login","timestamp":"2025-09-14 09:15:43"}
{"level":"info","message":"OPTIONS /auth/login","timestamp":"2025-09-14 09:15:45"}
{"level":"info","message":"OPTIONS /auth/login","timestamp":"2025-09-14 09:15:45"}
{"level":"info","message":"OPTIONS /auth/login","timestamp":"2025-09-14 09:15:46"}
{"level":"info","message":"OPTIONS /auth/login","timestamp":"2025-09-14 09:15:46"}
{"level":"info","message":"OPTIONS /auth/login","timestamp":"2025-09-14 09:15:46"}
{"level":"info","message":"OPTIONS /auth/login","timestamp":"2025-09-14 09:15:47"}
{"level":"info","message":"POST /auth/login","timestamp":"2025-09-14 09:16:39"}
{"level":"info","message":"OPTIONS /auth/login","timestamp":"2025-09-14 10:01:01"}
{"level":"info","message":"POST /auth/login","timestamp":"2025-09-14 10:01:01"}
{"code":"VALIDATION_ERROR","level":"error","message":"Validation failed: email: Valid email required, password: Password must be at least 8 characters","stack":"Error: Validation failed: email: Valid email required, password: Password must be at least 8 characters\n    at handleValidationErrors (/app/src/middlewares/validation.ts:22:15)\n    at Layer.handleRequest (/app/node_modules/router/lib/layer.js:152:17)\n    at next (/app/node_modules/router/lib/route.js:157:13)\n    at middleware (/app/node_modules/express-validator/lib/middlewares/check.js:16:13)\n    at processTicksAndRejections (node:internal/process/task_queues:105:5)","status":400,"timestamp":"2025-09-14 10:01:01"}
{"level":"info","message":"POST /auth/login","timestamp":"2025-09-14 10:01:04"}
{"code":"VALIDATION_ERROR","level":"error","message":"Validation failed: email: Valid email required, password: Password must be at least 8 characters","stack":"Error: Validation failed: email: Valid email required, password: Password must be at least 8 characters\n    at handleValidationErrors (/app/src/middlewares/validation.ts:22:15)\n    at Layer.handleRequest (/app/node_modules/router/lib/layer.js:152:17)\n    at next (/app/node_modules/router/lib/route.js:157:13)\n    at middleware (/app/node_modules/express-validator/lib/middlewares/check.js:16:13)\n    at processTicksAndRejections (node:internal/process/task_queues:105:5)","status":400,"timestamp":"2025-09-14 10:01:04"}
{"level":"info","message":"OPTIONS /auth/login","timestamp":"2025-09-14 10:11:37"}
{"level":"info","message":"POST /auth/login","timestamp":"2025-09-14 10:11:37"}
{"code":"VALIDATION_ERROR","level":"error","message":"Validation failed: email: Valid email required, password: Password must be at least 8 characters","stack":"Error: Validation failed: email: Valid email required, password: Password must be at least 8 characters\n    at handleValidationErrors (/app/src/middlewares/validation.ts:22:15)\n    at Layer.handleRequest (/app/node_modules/router/lib/layer.js:152:17)\n    at next (/app/node_modules/router/lib/route.js:157:13)\n    at middleware (/app/node_modules/express-validator/lib/middlewares/check.js:16:13)\n    at processTicksAndRejections (node:internal/process/task_queues:105:5)","status":400,"timestamp":"2025-09-14 10:11:37"}
{"level":"info","message":"OPTIONS /auth/login","timestamp":"2025-09-14 10:13:15"}
{"level":"info","message":"POST /auth/login","timestamp":"2025-09-14 10:13:15"}
{"code":"VALIDATION_ERROR","level":"error","message":"Validation failed: email: Valid email required, password: Password must be at least 8 characters","stack":"Error: Validation failed: email: Valid email required, password: Password must be at least 8 characters\n    at handleValidationErrors (/app/src/middlewares/validation.ts:22:15)\n    at Layer.handleRequest (/app/node_modules/router/lib/layer.js:152:17)\n    at next (/app/node_modules/router/lib/route.js:157:13)\n    at middleware (/app/node_modules/express-validator/lib/middlewares/check.js:16:13)\n    at processTicksAndRejections (node:internal/process/task_queues:105:5)","status":400,"timestamp":"2025-09-14 10:13:15"}
{"level":"info","message":"OPTIONS /auth/login","timestamp":"2025-09-14 10:16:07"}
{"level":"info","message":"POST /auth/login","timestamp":"2025-09-14 10:16:07"}
{"code":"VALIDATION_ERROR","level":"error","message":"Validation failed: email: Valid email required, password: Password must be at least 8 characters","stack":"Error: Validation failed: email: Valid email required, password: Password must be at least 8 characters\n    at handleValidationErrors (/app/src/middlewares/validation.ts:22:15)\n    at Layer.handleRequest (/app/node_modules/router/lib/layer.js:152:17)\n    at next (/app/node_modules/router/lib/route.js:157:13)\n    at middleware (/app/node_modules/express-validator/lib/middlewares/check.js:16:13)\n    at processTicksAndRejections (node:internal/process/task_queues:105:5)","status":400,"timestamp":"2025-09-14 10:16:07"}
{"level":"info","message":"OPTIONS /auth/login","timestamp":"2025-09-14 10:17:40"}
{"level":"info","message":"POST /auth/login","timestamp":"2025-09-14 10:17:40"}
{"code":"VALIDATION_ERROR","level":"error","message":"Validation failed: email: Valid email required, password: Password must be at least 8 characters","stack":"Error: Validation failed: email: Valid email required, password: Password must be at least 8 characters\n    at handleValidationErrors (/app/src/middlewares/validation.ts:22:15)\n    at Layer.handleRequest (/app/node_modules/router/lib/layer.js:152:17)\n    at next (/app/node_modules/router/lib/route.js:157:13)\n    at middleware (/app/node_modules/express-validator/lib/middlewares/check.js:16:13)\n    at processTicksAndRejections (node:internal/process/task_queues:105:5)","status":400,"timestamp":"2025-09-14 10:17:40"}
{"level":"info","message":"POST /auth/login","timestamp":"2025-09-14 10:17:41"}
{"code":"VALIDATION_ERROR","level":"error","message":"Validation failed: email: Valid email required, password: Password must be at least 8 characters","stack":"Error: Validation failed: email: Valid email required, password: Password must be at least 8 characters\n    at handleValidationErrors (/app/src/middlewares/validation.ts:22:15)\n    at Layer.handleRequest (/app/node_modules/router/lib/layer.js:152:17)\n    at next (/app/node_modules/router/lib/route.js:157:13)\n    at middleware (/app/node_modules/express-validator/lib/middlewares/check.js:16:13)\n    at processTicksAndRejections (node:internal/process/task_queues:105:5)","status":400,"timestamp":"2025-09-14 10:17:42"}
{"level":"info","message":"OPTIONS /auth/login","timestamp":"2025-09-14 10:21:01"}
{"level":"info","message":"POST /auth/login","timestamp":"2025-09-14 10:21:01"}
{"level":"info","message":"GET /user/profile","timestamp":"2025-09-14 10:21:02"}
{"level":"info","message":"GET /user/profile","timestamp":"2025-09-14 10:21:03"}
{"level":"info","message":"GET /user/profile","timestamp":"2025-09-14 10:21:05"}
{"level":"info","message":"OPTIONS /auth/login","timestamp":"2025-09-14 14:19:17"}
{"level":"info","message":"POST /auth/login","timestamp":"2025-09-14 14:19:17"}
{"level":"info","message":"GET /user/profile","timestamp":"2025-09-14 14:19:18"}
{"level":"info","message":"GET /user/profile","timestamp":"2025-09-14 14:19:19"}
{"level":"info","message":"GET /user/profile","timestamp":"2025-09-14 14:19:21"}
{"level":"info","message":"OPTIONS /auth/login","timestamp":"2025-09-14 14:23:36"}
{"level":"info","message":"POST /auth/login","timestamp":"2025-09-14 14:23:36"}
{"level":"info","message":"GET /user/profile","timestamp":"2025-09-14 14:23:36"}
{"level":"info","message":"GET /user/profile","timestamp":"2025-09-14 14:23:37"}
{"level":"info","message":"GET /user/profile","timestamp":"2025-09-14 14:23:40"}
{"level":"info","message":"OPTIONS /auth/login","timestamp":"2025-09-14 14:30:18"}
{"level":"info","message":"POST /auth/login","timestamp":"2025-09-14 14:30:18"}
{"level":"info","message":"GET /user/profile","timestamp":"2025-09-14 14:30:18"}
{"level":"info","message":"GET /user/profile","timestamp":"2025-09-14 14:30:19"}
{"level":"info","message":"GET /user/profile","timestamp":"2025-09-14 14:30:21"}
{"level":"info","message":"OPTIONS /auth/login","timestamp":"2025-09-14 14:43:00"}
{"level":"info","message":"POST /auth/login","timestamp":"2025-09-14 14:43:00"}
{"level":"info","message":"OPTIONS /auth/login","timestamp":"2025-09-14 14:43:07"}
{"level":"info","message":"POST /auth/login","timestamp":"2025-09-14 14:43:07"}
{"level":"info","message":"OPTIONS /auth/login","timestamp":"2025-09-14 14:43:21"}
{"level":"info","message":"POST /auth/login","timestamp":"2025-09-14 14:43:21"}
{"level":"info","message":"OPTIONS /auth/login","timestamp":"2025-09-14 14:44:40"}
{"level":"info","message":"POST /auth/login","timestamp":"2025-09-14 14:44:40"}
{"level":"info","message":"OPTIONS /auth/login","timestamp":"2025-09-14 14:45:30"}
{"level":"info","message":"POST /auth/login","timestamp":"2025-09-14 14:45:30"}
{"level":"info","message":"OPTIONS /user/profile","timestamp":"2025-09-14 14:45:30"}
{"level":"info","message":"GET /user/profile","timestamp":"2025-09-14 14:45:30"}
{"level":"info","message":"OPTIONS /user/profile","timestamp":"2025-09-14 14:46:37"}
{"level":"info","message":"GET /user/profile","timestamp":"2025-09-14 14:46:37"}
{"level":"info","message":"OPTIONS /user/profile","timestamp":"2025-09-14 14:47:57"}
{"level":"info","message":"GET /user/profile","timestamp":"2025-09-14 14:47:57"}
{"level":"info","message":"POST /auth/login","timestamp":"2025-09-14 14:48:24"}
{"level":"info","message":"GET /user/profile","timestamp":"2025-09-14 14:49:14"}
{"level":"info","message":"OPTIONS /user/profile","timestamp":"2025-09-14 14:49:23"}
{"level":"info","message":"GET /user/profile","timestamp":"2025-09-14 14:49:23"}
{"level":"info","message":"OPTIONS /user/profile","timestamp":"2025-09-14 14:50:53"}
{"level":"info","message":"GET /user/profile","timestamp":"2025-09-14 14:50:53"}
{"level":"info","message":"OPTIONS /user/profile","timestamp":"2025-09-14 14:54:49"}
{"level":"info","message":"GET /user/profile","timestamp":"2025-09-14 14:54:49"}
{"level":"info","message":"OPTIONS /user/profile","timestamp":"2025-09-14 14:59:59"}
{"level":"info","message":"GET /user/profile","timestamp":"2025-09-14 14:59:59"}
{"level":"info","message":"OPTIONS /user/profile","timestamp":"2025-09-14 15:03:35"}
{"level":"info","message":"GET /user/profile","timestamp":"2025-09-14 15:03:35"}
{"level":"info","message":"GET /user/profile","timestamp":"2025-09-14 15:03:36"}
{"level":"info","message":"GET /user/profile","timestamp":"2025-09-14 15:03:38"}
{"level":"info","message":"OPTIONS /auth/login","timestamp":"2025-09-14 15:04:22"}
{"level":"info","message":"POST /auth/login","timestamp":"2025-09-14 15:04:22"}
{"level":"info","message":"OPTIONS /user/profile","timestamp":"2025-09-14 15:04:22"}
{"level":"info","message":"GET /user/profile","timestamp":"2025-09-14 15:04:22"}
{"level":"info","message":"OPTIONS /auth/login","timestamp":"2025-09-14 15:04:37"}
{"level":"info","message":"POST /auth/login","timestamp":"2025-09-14 15:04:37"}
{"level":"info","message":"OPTIONS /user/profile","timestamp":"2025-09-14 15:05:26"}
{"level":"info","message":"GET /user/profile","timestamp":"2025-09-14 15:05:26"}
{"level":"info","message":"OPTIONS /user/profile","timestamp":"2025-09-14 15:06:27"}
{"level":"info","message":"GET /user/profile","timestamp":"2025-09-14 15:06:27"}
{"level":"info","message":"OPTIONS /user/profile","timestamp":"2025-09-14 15:07:33"}
{"level":"info","message":"GET /user/profile","timestamp":"2025-09-14 15:07:33"}
{"level":"info","message":"OPTIONS /user/profile","timestamp":"2025-09-14 15:08:33"}
{"level":"info","message":"GET /user/profile","timestamp":"2025-09-14 15:08:33"}
{"level":"info","message":"OPTIONS /user/profile","timestamp":"2025-09-14 15:09:47"}
{"level":"info","message":"GET /user/profile","timestamp":"2025-09-14 15:09:47"}
{"level":"info","message":"OPTIONS /user/profile","timestamp":"2025-09-14 15:11:01"}
{"level":"info","message":"GET /user/profile","timestamp":"2025-09-14 15:11:01"}
{"level":"info","message":"OPTIONS /user/profile","timestamp":"2025-09-14 15:12:04"}
{"level":"info","message":"GET /user/profile","timestamp":"2025-09-14 15:12:04"}
{"level":"info","message":"OPTIONS /user/profile","timestamp":"2025-09-14 15:13:07"}
{"level":"info","message":"GET /user/profile","timestamp":"2025-09-14 15:13:07"}
{"level":"info","message":"OPTIONS /user/profile","timestamp":"2025-09-14 15:16:11"}
{"level":"info","message":"GET /user/profile","timestamp":"2025-09-14 15:16:11"}
{"level":"info","message":"OPTIONS /user/profile","timestamp":"2025-09-14 15:17:16"}
{"level":"info","message":"GET /user/profile","timestamp":"2025-09-14 15:17:16"}
{"level":"info","message":"OPTIONS /user/profile","timestamp":"2025-09-14 15:19:07"}
{"level":"info","message":"GET /user/profile","timestamp":"2025-09-14 15:19:07"}
{"level":"info","message":"OPTIONS /user/profile","timestamp":"2025-09-14 15:20:09"}
{"level":"info","message":"GET /user/profile","timestamp":"2025-09-14 15:20:09"}
{"level":"info","message":"OPTIONS /user/profile","timestamp":"2025-09-14 15:20:15"}
{"level":"info","message":"GET /user/profile","timestamp":"2025-09-14 15:20:15"}
{"level":"info","message":"GET /user/profile","timestamp":"2025-09-14 15:20:17"}
{"level":"info","message":"OPTIONS /auth/login","timestamp":"2025-09-14 15:21:21"}
{"level":"info","message":"POST /auth/login","timestamp":"2025-09-14 15:21:21"}
{"level":"info","message":"OPTIONS /user/profile","timestamp":"2025-09-14 15:21:21"}
{"level":"info","message":"GET /user/profile","timestamp":"2025-09-14 15:21:21"}
{"level":"info","message":"OPTIONS /auth/login","timestamp":"2025-09-14 15:21:35"}
{"level":"info","message":"POST /auth/login","timestamp":"2025-09-14 15:21:35"}
{"level":"info","message":"OPTIONS /user/profile","timestamp":"2025-09-14 15:22:23"}
{"level":"info","message":"GET /user/profile","timestamp":"2025-09-14 15:22:23"}
{"level":"info","message":"OPTIONS /user/profile","timestamp":"2025-09-14 15:24:12"}
{"level":"info","message":"GET /user/profile","timestamp":"2025-09-14 15:24:12"}
{"level":"info","message":"OPTIONS /user/profile","timestamp":"2025-09-14 15:26:52"}
{"level":"info","message":"GET /user/profile","timestamp":"2025-09-14 15:26:52"}
{"level":"info","message":"OPTIONS /user/profile","timestamp":"2025-09-14 15:28:01"}
{"level":"info","message":"GET /user/profile","timestamp":"2025-09-14 15:28:01"}
{"level":"info","message":"OPTIONS /user/profile","timestamp":"2025-09-14 15:29:04"}
{"level":"info","message":"GET /user/profile","timestamp":"2025-09-14 15:29:04"}
{"level":"info","message":"GET /user/profile","timestamp":"2025-09-14 15:29:07"}
{"level":"info","message":"OPTIONS /user/profile","timestamp":"2025-09-14 15:31:02"}
{"level":"info","message":"GET /user/profile","timestamp":"2025-09-14 15:31:02"}
{"level":"info","message":"OPTIONS /user/profile","timestamp":"2025-09-14 15:32:25"}
{"level":"info","message":"GET /user/profile","timestamp":"2025-09-14 15:32:25"}
{"level":"info","message":"OPTIONS /user/profile","timestamp":"2025-09-14 15:33:51"}
{"level":"info","message":"GET /user/profile","timestamp":"2025-09-14 15:33:51"}
{"level":"info","message":"OPTIONS /user/profile","timestamp":"2025-09-14 15:34:52"}
{"level":"info","message":"GET /user/profile","timestamp":"2025-09-14 15:34:52"}
{"level":"info","message":"OPTIONS /user/profile","timestamp":"2025-09-14 15:35:57"}
{"level":"info","message":"GET /user/profile","timestamp":"2025-09-14 15:35:57"}
{"level":"info","message":"OPTIONS /user/profile","timestamp":"2025-09-14 15:58:24"}
{"level":"info","message":"GET /user/profile","timestamp":"2025-09-14 15:58:24"}
{"level":"info","message":"GET /user/profile","timestamp":"2025-09-14 15:58:26"}
{"level":"info","message":"GET /user/profile","timestamp":"2025-09-14 15:58:28"}
{"level":"info","message":"OPTIONS /auth/login","timestamp":"2025-09-14 15:58:47"}
{"level":"info","message":"POST /auth/login","timestamp":"2025-09-14 15:58:47"}
{"level":"info","message":"OPTIONS /user/profile","timestamp":"2025-09-14 15:58:47"}
{"level":"info","message":"GET /user/profile","timestamp":"2025-09-14 15:58:47"}
{"level":"info","message":"OPTIONS /auth/login","timestamp":"2025-09-14 15:59:01"}
{"level":"info","message":"POST /auth/login","timestamp":"2025-09-14 15:59:01"}
{"level":"info","message":"OPTIONS /user/profile","timestamp":"2025-09-14 15:59:50"}
{"level":"info","message":"GET /user/profile","timestamp":"2025-09-14 15:59:50"}
{"level":"info","message":"OPTIONS /user/profile","timestamp":"2025-09-14 16:00:51"}
{"level":"info","message":"GET /user/profile","timestamp":"2025-09-14 16:00:52"}
{"level":"info","message":"OPTIONS /user/profile","timestamp":"2025-09-14 16:01:57"}
{"level":"info","message":"GET /user/profile","timestamp":"2025-09-14 16:01:57"}
{"level":"info","message":"OPTIONS /user/profile","timestamp":"2025-09-14 16:03:05"}
{"level":"info","message":"GET /user/profile","timestamp":"2025-09-14 16:03:05"}
{"level":"info","message":"OPTIONS /user/profile","timestamp":"2025-09-14 16:04:08"}
{"level":"info","message":"GET /user/profile","timestamp":"2025-09-14 16:04:08"}
{"level":"info","message":"OPTIONS /user/profile","timestamp":"2025-09-14 16:06:00"}
{"level":"info","message":"GET /user/profile","timestamp":"2025-09-14 16:06:01"}
{"level":"info","message":"OPTIONS /user/profile","timestamp":"2025-09-14 16:07:15"}
{"level":"info","message":"GET /user/profile","timestamp":"2025-09-14 16:07:15"}
{"level":"info","message":"OPTIONS /user/profile","timestamp":"2025-09-14 16:08:18"}
{"level":"info","message":"GET /user/profile","timestamp":"2025-09-14 16:08:18"}
{"level":"info","message":"OPTIONS /user/profile","timestamp":"2025-09-14 16:09:30"}
{"level":"info","message":"GET /user/profile","timestamp":"2025-09-14 16:09:30"}
{"level":"info","message":"OPTIONS /user/profile","timestamp":"2025-09-14 16:10:31"}
{"level":"info","message":"GET /user/profile","timestamp":"2025-09-14 16:10:31"}
{"level":"info","message":"OPTIONS /user/profile","timestamp":"2025-09-14 16:11:37"}
{"level":"info","message":"GET /user/profile","timestamp":"2025-09-14 16:11:37"}
{"level":"info","message":"OPTIONS /user/profile","timestamp":"2025-09-14 16:12:43"}
{"level":"info","message":"GET /user/profile","timestamp":"2025-09-14 16:12:43"}
{"level":"info","message":"OPTIONS /user/profile","timestamp":"2025-09-14 16:13:47"}
{"level":"info","message":"GET /user/profile","timestamp":"2025-09-14 16:13:48"}
{"level":"info","message":"OPTIONS /user/profile","timestamp":"2025-09-14 16:14:49"}
{"level":"info","message":"GET /user/profile","timestamp":"2025-09-14 16:14:49"}
{"level":"info","message":"OPTIONS /user/profile","timestamp":"2025-09-14 16:15:16"}
{"level":"info","message":"GET /user/profile","timestamp":"2025-09-14 16:15:16"}
{"level":"info","message":"GET /user/profile","timestamp":"2025-09-14 16:15:17"}
{"level":"info","message":"GET /user/profile","timestamp":"2025-09-14 16:15:19"}
{"level":"info","message":"OPTIONS /auth/login","timestamp":"2025-09-14 16:15:31"}
{"level":"info","message":"POST /auth/login","timestamp":"2025-09-14 16:15:31"}
{"level":"info","message":"OPTIONS /user/profile","timestamp":"2025-09-14 16:15:32"}
{"level":"info","message":"GET /user/profile","timestamp":"2025-09-14 16:15:32"}
{"level":"info","message":"OPTIONS /user/profile","timestamp":"2025-09-14 16:16:34"}
{"level":"info","message":"GET /user/profile","timestamp":"2025-09-14 16:16:34"}
{"level":"info","message":"OPTIONS /user/profile","timestamp":"2025-09-14 16:18:37"}
{"level":"info","message":"GET /user/profile","timestamp":"2025-09-14 16:18:37"}
{"level":"info","message":"OPTIONS /user/profile","timestamp":"2025-09-14 16:19:14"}
{"level":"info","message":"GET /user/profile","timestamp":"2025-09-14 16:19:14"}
{"level":"info","message":"GET /user/profile","timestamp":"2025-09-14 16:19:16"}
{"level":"info","message":"GET /user/profile","timestamp":"2025-09-14 16:19:16"}
{"level":"info","message":"OPTIONS /user/profile","timestamp":"2025-09-14 16:19:24"}
{"level":"info","message":"GET /user/profile","timestamp":"2025-09-14 16:19:24"}
{"level":"info","message":"GET /user/profile","timestamp":"2025-09-14 16:19:28"}
{"level":"info","message":"GET /user/profile","timestamp":"2025-09-14 16:19:28"}
{"level":"info","message":"OPTIONS /user/profile","timestamp":"2025-09-14 16:19:30"}
{"level":"info","message":"GET /user/profile","timestamp":"2025-09-14 16:19:30"}
{"level":"info","message":"GET /user/profile","timestamp":"2025-09-14 16:19:31"}
{"level":"info","message":"OPTIONS /user/profile","timestamp":"2025-09-14 16:20:08"}
{"level":"info","message":"GET /user/profile","timestamp":"2025-09-14 16:20:08"}
